
Memory Configuration

Name             Origin             Length             Attributes
*default*        0x0000000000000000 0xffffffffffffffff

Linker script and memory map

Address of section .text set to 0xc0001500
LOAD build/main.o
LOAD build/init.o
LOAD build/interrupt.o
LOAD build/timer.o
LOAD build/kernel.o
LOAD build/print.o
LOAD build/debug.o
LOAD build/memory.o
LOAD build/bitmap.o
LOAD build/string.o
LOAD build/thread.o
LOAD build/list.o
LOAD build/switch.o
LOAD build/console.o
LOAD build/sync.o
LOAD build/keyboard.o
LOAD build/ioqueue.o
                [!provide]                        PROVIDE (__executable_start = SEGMENT_START ("text-segment", 0x8048000))
                0x0000000008048074                . = (SEGMENT_START ("text-segment", 0x8048000) + SIZEOF_HEADERS)

.interp
 *(.interp)

.note.gnu.build-id
 *(.note.gnu.build-id)

.hash
 *(.hash)

.gnu.hash
 *(.gnu.hash)

.dynsym
 *(.dynsym)

.dynstr
 *(.dynstr)

.gnu.version
 *(.gnu.version)

.gnu.version_d
 *(.gnu.version_d)

.gnu.version_r
 *(.gnu.version_r)

.rel.dyn        0x0000000008048074        0x0
 *(.rel.init)
 *(.rel.text .rel.text.* .rel.gnu.linkonce.t.*)
 *(.rel.fini)
 *(.rel.rodata .rel.rodata.* .rel.gnu.linkonce.r.*)
 *(.rel.data.rel.ro .rel.data.rel.ro.* .rel.gnu.linkonce.d.rel.ro.*)
 *(.rel.data .rel.data.* .rel.gnu.linkonce.d.*)
 *(.rel.tdata .rel.tdata.* .rel.gnu.linkonce.td.*)
 *(.rel.tbss .rel.tbss.* .rel.gnu.linkonce.tb.*)
 *(.rel.ctors)
 *(.rel.dtors)
 *(.rel.got)
 .rel.got       0x0000000008048074        0x0 build/main.o
 *(.rel.bss .rel.bss.* .rel.gnu.linkonce.b.*)
 *(.rel.ifunc)

.rel.plt        0x0000000008048074        0x0
 *(.rel.plt)
                [!provide]                        PROVIDE (__rel_iplt_start = .)
 *(.rel.iplt)
 .rel.iplt      0x0000000008048074        0x0 build/main.o
                [!provide]                        PROVIDE (__rel_iplt_end = .)

.init
 *(SORT_NONE(.init))

.plt            0x0000000008048074        0x0
 *(.plt)
 *(.iplt)
 .iplt          0x0000000008048074        0x0 build/main.o

.plt.got
 *(.plt.got)

.plt.sec
 *(.plt.sec)

.text           0x00000000c0001500     0x2ab1
 *(.text.unlikely .text.*_unlikely .text.unlikely.*)
 *(.text.exit .text.exit.*)
 *(.text.startup .text.startup.*)
 *(.text.hot .text.hot.*)
 *(SORT_BY_NAME(.text.sorted.*))
 *(.text .stub .text.* .gnu.linkonce.t.*)
 .text          0x00000000c0001500      0x12a build/main.o
                0x00000000c0001500                main
                0x00000000c0001560                k_thread_a
                0x00000000c00015c5                k_thread_b
 .text          0x00000000c000162a       0x37 build/init.o
                0x00000000c000162a                init_all
 .text          0x00000000c0001661      0x422 build/interrupt.o
                0x00000000c0001981                intr_enable
                0x00000000c00019aa                intr_disable
                0x00000000c00019d3                intr_set_status
                0x00000000c00019f1                intr_get_status
                0x00000000c0001a0e                register_handler
                0x00000000c0001a2b                idt_init
 .text          0x00000000c0001a83      0x16e build/timer.o
                0x00000000c0001b9e                timer_init
 *fill*         0x00000000c0001bf1        0xf 
 .text          0x00000000c0001c00      0x537 build/kernel.o
                0x00000000c0001c00                intr_exit
 *fill*         0x00000000c0002137        0x9 
 .text          0x00000000c0002140      0x172 build/print.o
                0x00000000c0002140                put_str
                0x00000000c000215e                put_char
                0x00000000c000222b                put_int
                0x00000000c000228e                set_cursor
 .text          0x00000000c00022b2       0xd7 build/debug.o
                0x00000000c00022b2                panic_spin
 .text          0x00000000c0002389      0x54f build/memory.o
                0x00000000c000240b                pte_ptr
                0x00000000c000243b                pde_ptr
                0x00000000c00025c0                malloc_page
                0x00000000c000267f                get_kernel_pages
                0x00000000c0002897                mem_init
 .text          0x00000000c00028d8      0x23a build/bitmap.o
                0x00000000c00028d8                bitmap_init
                0x00000000c00028fb                bitmap_scan_test
                0x00000000c0002939                bitmap_scan
                0x00000000c0002a5e                bitmap_set
 .text          0x00000000c0002b12      0x3a7 build/string.o
                0x00000000c0002b12                memset
                0x00000000c0002b64                memcpy
                0x00000000c0002bc4                memcmp
                0x00000000c0002c41                strcpy
                0x00000000c0002c94                strlen
                0x00000000c0002cd8                strcmp
                0x00000000c0002d45                strchr
                0x00000000c0002d9a                strrchr
                0x00000000c0002df5                strcat
                0x00000000c0002e5b                strchrs
 .text          0x00000000c0002eb9      0x549 build/thread.o
                0x00000000c0002eb9                running_thread
                0x00000000c0002eea                thread_create
                0x00000000c0002f61                init_thread
                0x00000000c0002ff4                thread_start
                0x00000000c0003147                schedule
                0x00000000c0003257                thread_block
                0x00000000c00032ba                thread_unblock
                0x00000000c00033b4                thread_init
 .text          0x00000000c0003402      0x1f0 build/list.o
                0x00000000c0003402                list_init
                0x00000000c0003430                list_insert_before
                0x00000000c0003475                list_push
                0x00000000c0003493                list_append
                0x00000000c00034b1                list_remove
                0x00000000c00034eb                list_pop
                0x00000000c000350d                elem_find
                0x00000000c0003548                list_traversal
                0x00000000c00035a5                list_len
                0x00000000c00035d9                list_empty
 *fill*         0x00000000c00035f2        0xe 
 .text          0x00000000c0003600       0x15 build/switch.o
                0x00000000c0003600                switch_to
 .text          0x00000000c0003615       0xb6 build/console.o
                0x00000000c0003615                console_init
                0x00000000c000362e                console_acquire
                0x00000000c0003647                console_release
                0x00000000c0003660                console_put_str
                0x00000000c0003681                console_put_char
                0x00000000c00036aa                console_put_int
 .text          0x00000000c00036cb      0x30a build/sync.o
                0x00000000c00036cb                sema_init
                0x00000000c00036f4                lock_init
                0x00000000c0003724                sema_down
                0x00000000c000381c                sema_up
                0x00000000c00038c8                lock_acquire
                0x00000000c000393d                lock_release
 .text          0x00000000c00039d5      0x2fc build/keyboard.o
                0x00000000c0003c86                keyboard_init
 .text          0x00000000c0003cd1      0x2e0 build/ioqueue.o
                0x00000000c0003cd1                ioqueue_init
                0x00000000c0003d2c                ioq_full
                0x00000000c0003d78                ioq_empty
                0x00000000c0003e43                ioq_getchar
                0x00000000c0003ef8                ioq_putchar
 *(.gnu.warning)

.fini
 *(SORT_NONE(.fini))
                [!provide]                        PROVIDE (__etext = .)
                [!provide]                        PROVIDE (_etext = .)
                [!provide]                        PROVIDE (etext = .)

.rodata         0x00000000c0003fb4      0xaf4
 *(.rodata .rodata.* .gnu.linkonce.r.*)
 .rodata        0x00000000c0003fb4       0x2b build/main.o
 .rodata        0x00000000c0003fdf        0xa build/init.o
 *fill*         0x00000000c0003fe9        0x3 
 .rodata        0x00000000c0003fec      0x2cd build/interrupt.o
 *fill*         0x00000000c00042b9        0x3 
 .rodata        0x00000000c00042bc       0x6b build/timer.o
 .rodata        0x00000000c0004327       0x3f build/debug.o
 *fill*         0x00000000c0004366        0x2 
 .rodata        0x00000000c0004368      0x130 build/memory.o
 .rodata        0x00000000c0004498       0x6b build/bitmap.o
 *fill*         0x00000000c0004503        0x1 
 .rodata        0x00000000c0004504       0xc4 build/string.o
 .rodata        0x00000000c00045c8      0x2cb build/thread.o
 *fill*         0x00000000c0004893        0x1 
 .rodata        0x00000000c0004894      0x135 build/sync.o
 .rodata        0x00000000c00049c9       0x36 build/keyboard.o
 *fill*         0x00000000c00049ff        0x1 
 .rodata        0x00000000c0004a00       0xa8 build/ioqueue.o

.rodata1
 *(.rodata1)

.eh_frame_hdr
 *(.eh_frame_hdr)
 *(.eh_frame_entry .eh_frame_entry.*)

.eh_frame
 *(.eh_frame)
 *(.eh_frame.*)

.gcc_except_table
 *(.gcc_except_table .gcc_except_table.*)

.gnu_extab
 *(.gnu_extab*)

.exception_ranges
 *(.exception_ranges*)
                0x00000000c0005000                . = DATA_SEGMENT_ALIGN (CONSTANT (MAXPAGESIZE), CONSTANT (COMMONPAGESIZE))

.eh_frame
 *(.eh_frame)
 *(.eh_frame.*)

.gnu_extab
 *(.gnu_extab)

.gcc_except_table
 *(.gcc_except_table .gcc_except_table.*)

.exception_ranges
 *(.exception_ranges*)

.tdata          0x00000000c0005000        0x0
                [!provide]                        PROVIDE (__tdata_start = .)
 *(.tdata .tdata.* .gnu.linkonce.td.*)

.tbss
 *(.tbss .tbss.* .gnu.linkonce.tb.*)
 *(.tcommon)

.preinit_array  0x00000000c0005000        0x0
                [!provide]                        PROVIDE (__preinit_array_start = .)
 *(.preinit_array)
                [!provide]                        PROVIDE (__preinit_array_end = .)

.init_array     0x00000000c0005000        0x0
                [!provide]                        PROVIDE (__init_array_start = .)
 *(SORT_BY_INIT_PRIORITY(.init_array.*) SORT_BY_INIT_PRIORITY(.ctors.*))
 *(.init_array EXCLUDE_FILE(*crtend?.o *crtend.o *crtbegin?.o *crtbegin.o) .ctors)
                [!provide]                        PROVIDE (__init_array_end = .)

.fini_array     0x00000000c0005000        0x0
                [!provide]                        PROVIDE (__fini_array_start = .)
 *(SORT_BY_INIT_PRIORITY(.fini_array.*) SORT_BY_INIT_PRIORITY(.dtors.*))
 *(.fini_array EXCLUDE_FILE(*crtend?.o *crtend.o *crtbegin?.o *crtbegin.o) .dtors)
                [!provide]                        PROVIDE (__fini_array_end = .)

.ctors
 *crtbegin.o(.ctors)
 *crtbegin?.o(.ctors)
 *(EXCLUDE_FILE(*crtend?.o *crtend.o) .ctors)
 *(SORT_BY_NAME(.ctors.*))
 *(.ctors)

.dtors
 *crtbegin.o(.dtors)
 *crtbegin?.o(.dtors)
 *(EXCLUDE_FILE(*crtend?.o *crtend.o) .dtors)
 *(SORT_BY_NAME(.dtors.*))
 *(.dtors)

.jcr
 *(.jcr)

.data.rel.ro
 *(.data.rel.ro.local* .gnu.linkonce.d.rel.ro.local.*)
 *(.data.rel.ro .data.rel.ro.* .gnu.linkonce.d.rel.ro.*)

.dynamic
 *(.dynamic)

.got            0x00000000c0005000        0x0
 *(.got)
 .got           0x00000000c0005000        0x0 build/main.o
 *(.igot)
                0x00000000c0005000                . = DATA_SEGMENT_RELRO_END (., (SIZEOF (.got.plt) >= 0xc)?0xc:0x0)

.got.plt        0x00000000c0005000        0x0
 *(.got.plt)
 .got.plt       0x00000000c0005000        0x0 build/main.o
 *(.igot.plt)
 .igot.plt      0x00000000c0005000        0x0 build/main.o

.data           0x00000000c0005000      0x156
 *(.data .data.* .gnu.linkonce.d.*)
 .data          0x00000000c0005000        0x0 build/main.o
 .data          0x00000000c0005000        0x0 build/init.o
 .data          0x00000000c0005000        0x0 build/interrupt.o
 .data          0x00000000c0005000        0x0 build/timer.o
 .data          0x00000000c0005000       0xc0 build/kernel.o
                0x00000000c0005000                intr_entry_table
 .data          0x00000000c00050c0        0x8 build/print.o
 .data          0x00000000c00050c8        0x0 build/debug.o
 .data          0x00000000c00050c8        0x0 build/memory.o
 .data          0x00000000c00050c8        0x0 build/bitmap.o
 .data          0x00000000c00050c8        0x0 build/string.o
 .data          0x00000000c00050c8        0x0 build/thread.o
 .data          0x00000000c00050c8        0x0 build/list.o
 .data          0x00000000c00050c8        0x0 build/console.o
 .data          0x00000000c00050c8        0x0 build/sync.o
 *fill*         0x00000000c00050c8       0x18 
 .data          0x00000000c00050e0       0x76 build/keyboard.o
 .data          0x00000000c0005156        0x0 build/ioqueue.o

.data1
 *(.data1)
                0x00000000c0005156                _edata = .
                [!provide]                        PROVIDE (edata = .)
                0x00000000c0005156                . = .
                0x00000000c0005156                __bss_start = .

.bss            0x00000000c0005160      0x400
 *(.dynbss)
 *(.bss .bss.* .gnu.linkonce.b.*)
 .bss           0x00000000c0005160        0x0 build/main.o
 .bss           0x00000000c0005160        0x0 build/init.o
 .bss           0x00000000c0005160      0x300 build/interrupt.o
                0x00000000c0005160                intr_name
                0x00000000c0005220                idt_table
 .bss           0x00000000c0005460        0x4 build/timer.o
                0x00000000c0005460                ticks
 .bss           0x00000000c0005464        0x0 build/debug.o
 .bss           0x00000000c0005464       0x2c build/memory.o
                0x00000000c0005464                kernel_pool
                0x00000000c0005474                user_pool
                0x00000000c0005484                kernel_vaddr
 .bss           0x00000000c0005490        0x0 build/bitmap.o
 .bss           0x00000000c0005490        0x0 build/string.o
 .bss           0x00000000c0005490       0x28 build/thread.o
                0x00000000c0005490                main_thread
                0x00000000c0005494                thread_ready_list
                0x00000000c00054a4                thread_all_list
 .bss           0x00000000c00054b8        0x0 build/list.o
 .bss           0x00000000c00054b8       0x1c build/console.o
 .bss           0x00000000c00054d4        0x0 build/sync.o
 *fill*         0x00000000c00054d4        0xc 
 .bss           0x00000000c00054e0       0x80 build/keyboard.o
                0x00000000c00054e0                kbd_buf
 .bss           0x00000000c0005560        0x0 build/ioqueue.o
 *(COMMON)
                0x00000000c0005560                . = ALIGN ((. != 0x0)?0x4:0x1)
                0x00000000c0005560                . = ALIGN (0x4)
                0x00000000c0005560                . = SEGMENT_START ("ldata-segment", .)
                0x00000000c0005560                . = ALIGN (0x4)
                0x00000000c0005560                _end = .
                [!provide]                        PROVIDE (end = .)
                0x00000000c0005560                . = DATA_SEGMENT_END (.)

.stab
 *(.stab)

.stabstr
 *(.stabstr)

.stab.excl
 *(.stab.excl)

.stab.exclstr
 *(.stab.exclstr)

.stab.index
 *(.stab.index)

.stab.indexstr
 *(.stab.indexstr)

.comment        0x0000000000000000       0x12
 *(.comment)
 .comment       0x0000000000000000       0x12 build/main.o
                                         0x13 (size before relaxing)
 .comment       0x0000000000000012       0x13 build/init.o
 .comment       0x0000000000000012       0x13 build/interrupt.o
 .comment       0x0000000000000012       0x13 build/timer.o
 .comment       0x0000000000000012       0x13 build/debug.o
 .comment       0x0000000000000012       0x13 build/memory.o
 .comment       0x0000000000000012       0x13 build/bitmap.o
 .comment       0x0000000000000012       0x13 build/string.o
 .comment       0x0000000000000012       0x13 build/thread.o
 .comment       0x0000000000000012       0x13 build/list.o
 .comment       0x0000000000000012       0x13 build/console.o
 .comment       0x0000000000000012       0x13 build/sync.o
 .comment       0x0000000000000012       0x13 build/keyboard.o
 .comment       0x0000000000000012       0x13 build/ioqueue.o

.gnu.build.attributes
 *(.gnu.build.attributes .gnu.build.attributes.*)

.debug
 *(.debug)

.line
 *(.line)

.debug_srcinfo
 *(.debug_srcinfo)

.debug_sfnames
 *(.debug_sfnames)

.debug_aranges
 *(.debug_aranges)

.debug_pubnames
 *(.debug_pubnames)

.debug_info
 *(.debug_info .gnu.linkonce.wi.*)

.debug_abbrev
 *(.debug_abbrev)

.debug_line
 *(.debug_line .debug_line.* .debug_line_end)

.debug_frame
 *(.debug_frame)

.debug_str
 *(.debug_str)

.debug_loc
 *(.debug_loc)

.debug_macinfo
 *(.debug_macinfo)

.debug_weaknames
 *(.debug_weaknames)

.debug_funcnames
 *(.debug_funcnames)

.debug_typenames
 *(.debug_typenames)

.debug_varnames
 *(.debug_varnames)

.debug_pubtypes
 *(.debug_pubtypes)

.debug_ranges
 *(.debug_ranges)

.debug_macro
 *(.debug_macro)

.debug_addr
 *(.debug_addr)

.gnu.attributes
 *(.gnu.attributes)

/DISCARD/
 *(.note.GNU-stack)
 *(.gnu_debuglink)
 *(.gnu.lto_*)
OUTPUT(build/kernel.bin elf32-i386)
